// Jest Snapshot v1, https://goo.gl/fbAQLP

exports[`renders correctly 1`] = `
<View
  accessible={true}
  isTVSelectable={true}
  onResponderGrant={[Function]}
  onResponderMove={[Function]}
  onResponderRelease={[Function]}
  onResponderTerminate={[Function]}
  onResponderTerminationRequest={[Function]}
  onStartShouldSetResponder={[Function]}
  style={
    Object {
      "backgroundColor": "#dbdbdb",
      "borderRadius": 50,
      "marginRight": 40,
      "opacity": 1,
      "paddingHorizontal": 40,
      "paddingVertical": 20,
    }
  }
>
  <Text>
    #
  </Text>
</View>
`;
